
> frontend@0.0.0 build
> tsc -b && vite build

src/features/chat/messageApi.ts(1,1): error TS6133: 'AxiosError' is declared but its value is never read.
